PH global NULL C:/DLXCache/Cache/Global.vhd sub00/vhpl00 1259773450
AR cache_cmp behavioral C:/DLXCache/Cache/Cache_cmp.vhd sub00/vhpl03 1259773453
PH chachelibrary NULL C:/DLXCache/Cache/Cache_lib.vhd sub00/vhpl01 1259773451
EN cache_cmp NULL C:/DLXCache/Cache/Cache_cmp.vhd sub00/vhpl02 1259773452
